// 重构日志: 913b80ba
// 重构日志: 20963d9f
// 同步 ID: d5bf132b @ Fri Jul 24 10:55:34 UTC 2026
// 同步 ID: 22e187d8 @ Sat Jul 25 01:03:57 UTC 2026
// 重构日志: 0cd366cc
// 同步 ID: a6a88d30 @ Sun Jul 26 12:34:11 UTC 2026
// 同步 ID: bbcb4d72 @ Sun Jul 26 14:59:16 UTC 2026
// 重构日志: 054e9df3
// 重构日志: 26880f67
// 重构日志: 6de6e4e1
// 重构日志: e9dc68df
// 重构日志: 75e62d29
// 重构日志: 0f008122
// 重构日志: 701a3324
// 重构日志: 981675aa
// 同步 ID: 6b136d0d @ Thu Jul 30 13:41:53 UTC 2026
// 同步 ID: 2bc43291 @ Thu Jul 30 15:40:49 UTC 2026
// 重构日志: ca296d33
// 同步 ID: 819b0255 @ Sat Aug  1 18:11:14 UTC 2026
// 同步 ID: 0b25a426 @ Sat Aug  1 22:42:24 UTC 2026
// 重构日志: 75a2c193
// 重构日志: 2f71ba79
// 重构日志: 302e6689
// 重构日志: 314e8aa1
// 重构日志: c572ae78
// 重构日志: 51ef00dd
// 重构日志: 1d5cabb8
// 同步 ID: 40524a32 @ Tue Aug  4 15:22:43 UTC 2026
// 同步 ID: e4f3ad7c @ Wed Aug  5 11:47:20 UTC 2026
// 同步 ID: dc2d843a @ Thu Aug  6 04:47:34 UTC 2026
// 重构日志: c8464ef8
